 ≡  File  Edit  Search  Run  Compile  De
········································
········································
········································
········································
········································
········································
········································
········································
 F1 Help  F10 Menu  Alt-X Exit          