╔[■]═══════════ Confirm ═══════════════╗
║                                      ║
║  Discard unsaved                     ║
║  changes?                            ║
║                                      ║
║     <Yes>        No       Cancel     ║
║                                      ║
╚══════════════════════════════════════╝